// Vitest Snapshot v1, https://vitest.dev/guide/snapshot.html

exports[`Bodyが正しく表示される > firebaseの認証が表示されていない状態 1`] = `
<DocumentFragment>
  <div
    class="MuiBox-root css-1yeiifd"
  >
    <div
      class="MuiBox-root css-k37dxv"
    >
      <div
        class="MuiBox-root css-1tl99z4"
      >
        <h6
          class="MuiTypography-root MuiTypography-h6 css-x3ur3e-MuiTypography-root"
        >
          日報一覧
        </h6>
        <ul
          class="MuiList-root MuiList-padding css-13rb8qi-MuiList-root"
        >
          <button
            class="MuiListItem-root MuiListItem-gutters MuiListItem-padding css-1errrts-MuiListItem-root"
          >
            <div
              class="MuiListItemText-root MuiListItemText-multiline css-14ln1j6-MuiListItemText-root"
            >
              <span
                class="MuiTypography-root MuiTypography-body1 MuiListItemText-primary css-5p1y0h-MuiTypography-root"
              >
                今日の日報
              </span>
              <p
                class="MuiTypography-root MuiTypography-body2 MuiListItemText-secondary css-f8r3iy-MuiTypography-root"
              >
                編集可能
              </p>
            </div>
          </button>
          <button
            class="MuiListItem-root MuiListItem-gutters MuiListItem-padding css-1fq4x2u-MuiListItem-root"
          >
            <div
              class="MuiBox-root css-8atqhb"
            >
              <h6
                class="MuiTypography-root MuiTypography-subtitle2 css-1rr5r63-MuiTypography-root"
              >
                6月19日(水)
              </h6>
              <p
                class="MuiTypography-root MuiTypography-body2 css-zqb1nb-MuiTypography-root"
              >
                開発、会議、レビュー
              </p>
              <div
                class="MuiBox-root css-107ld1r"
              >
                <div
                  class="MuiChip-root MuiChip-filled MuiChip-sizeSmall MuiChip-colorDefault MuiChip-filledDefault css-1rlv6je-MuiChip-root"
                >
                  <span
                    class="MuiChip-label MuiChip-labelSmall css-eccknh-MuiChip-label"
                  >
                    開発
                  </span>
                </div>
                <div
                  class="MuiChip-root MuiChip-filled MuiChip-sizeSmall MuiChip-colorDefault MuiChip-filledDefault css-1rlv6je-MuiChip-root"
                >
                  <span
                    class="MuiChip-label MuiChip-labelSmall css-eccknh-MuiChip-label"
                  >
                    times_esa
                  </span>
                </div>
              </div>
              <span
                class="MuiTypography-root MuiTypography-caption css-5elll3-MuiTypography-root"
              >
                5個のつぶやき
              </span>
            </div>
          </button>
          <button
            class="MuiListItem-root MuiListItem-gutters MuiListItem-padding css-1fq4x2u-MuiListItem-root"
          >
            <div
              class="MuiBox-root css-8atqhb"
            >
              <h6
                class="MuiTypography-root MuiTypography-subtitle2 css-1rr5r63-MuiTypography-root"
              >
                6月18日(火)
              </h6>
              <p
                class="MuiTypography-root MuiTypography-body2 css-zqb1nb-MuiTypography-root"
              >
                レビュー、設計
              </p>
              <div
                class="MuiBox-root css-107ld1r"
              >
                <div
                  class="MuiChip-root MuiChip-filled MuiChip-sizeSmall MuiChip-colorDefault MuiChip-filledDefault css-1rlv6je-MuiChip-root"
                >
                  <span
                    class="MuiChip-label MuiChip-labelSmall css-eccknh-MuiChip-label"
                  >
                    設計
                  </span>
                </div>
                <div
                  class="MuiChip-root MuiChip-filled MuiChip-sizeSmall MuiChip-colorDefault MuiChip-filledDefault css-1rlv6je-MuiChip-root"
                >
                  <span
                    class="MuiChip-label MuiChip-labelSmall css-eccknh-MuiChip-label"
                  >
                    レビュー
                  </span>
                </div>
              </div>
              <span
                class="MuiTypography-root MuiTypography-caption css-5elll3-MuiTypography-root"
              >
                3個のつぶやき
              </span>
            </div>
          </button>
          <button
            class="MuiListItem-root MuiListItem-gutters MuiListItem-padding css-1fq4x2u-MuiListItem-root"
          >
            <div
              class="MuiBox-root css-8atqhb"
            >
              <h6
                class="MuiTypography-root MuiTypography-subtitle2 css-1rr5r63-MuiTypography-root"
              >
                6月17日(月)
              </h6>
              <p
                class="MuiTypography-root MuiTypography-body2 css-zqb1nb-MuiTypography-root"
              >
                バグ修正、テスト
              </p>
              <div
                class="MuiBox-root css-107ld1r"
              >
                <div
                  class="MuiChip-root MuiChip-filled MuiChip-sizeSmall MuiChip-colorDefault MuiChip-filledDefault css-1rlv6je-MuiChip-root"
                >
                  <span
                    class="MuiChip-label MuiChip-labelSmall css-eccknh-MuiChip-label"
                  >
                    バグ修正
                  </span>
                </div>
                <div
                  class="MuiChip-root MuiChip-filled MuiChip-sizeSmall MuiChip-colorDefault MuiChip-filledDefault css-1rlv6je-MuiChip-root"
                >
                  <span
                    class="MuiChip-label MuiChip-labelSmall css-eccknh-MuiChip-label"
                  >
                    テスト
                  </span>
                </div>
              </div>
              <span
                class="MuiTypography-root MuiTypography-caption css-5elll3-MuiTypography-root"
              >
                7個のつぶやき
              </span>
            </div>
          </button>
          <button
            class="MuiListItem-root MuiListItem-gutters MuiListItem-padding css-1fq4x2u-MuiListItem-root"
          >
            <div
              class="MuiBox-root css-8atqhb"
            >
              <h6
                class="MuiTypography-root MuiTypography-subtitle2 css-1rr5r63-MuiTypography-root"
              >
                6月14日(金)
              </h6>
              <p
                class="MuiTypography-root MuiTypography-body2 css-zqb1nb-MuiTypography-root"
              >
                企画会議、調査
              </p>
              <div
                class="MuiBox-root css-107ld1r"
              >
                <div
                  class="MuiChip-root MuiChip-filled MuiChip-sizeSmall MuiChip-colorDefault MuiChip-filledDefault css-1rlv6je-MuiChip-root"
                >
                  <span
                    class="MuiChip-label MuiChip-labelSmall css-eccknh-MuiChip-label"
                  >
                    企画
                  </span>
                </div>
                <div
                  class="MuiChip-root MuiChip-filled MuiChip-sizeSmall MuiChip-colorDefault MuiChip-filledDefault css-1rlv6je-MuiChip-root"
                >
                  <span
                    class="MuiChip-label MuiChip-labelSmall css-eccknh-MuiChip-label"
                  >
                    調査
                  </span>
                </div>
              </div>
              <span
                class="MuiTypography-root MuiTypography-caption css-5elll3-MuiTypography-root"
              >
                4個のつぶやき
              </span>
            </div>
          </button>
          <button
            class="MuiListItem-root MuiListItem-gutters MuiListItem-padding css-1fq4x2u-MuiListItem-root"
          >
            <div
              class="MuiBox-root css-8atqhb"
            >
              <h6
                class="MuiTypography-root MuiTypography-subtitle2 css-1rr5r63-MuiTypography-root"
              >
                6月13日(木)
              </h6>
              <p
                class="MuiTypography-root MuiTypography-body2 css-zqb1nb-MuiTypography-root"
              >
                コードレビュー
              </p>
              <div
                class="MuiBox-root css-107ld1r"
              >
                <div
                  class="MuiChip-root MuiChip-filled MuiChip-sizeSmall MuiChip-colorDefault MuiChip-filledDefault css-1rlv6je-MuiChip-root"
                >
                  <span
                    class="MuiChip-label MuiChip-labelSmall css-eccknh-MuiChip-label"
                  >
                    レビュー
                  </span>
                </div>
              </div>
              <span
                class="MuiTypography-root MuiTypography-caption css-5elll3-MuiTypography-root"
              >
                2個のつぶやき
              </span>
            </div>
          </button>
          <button
            class="MuiListItem-root MuiListItem-gutters MuiListItem-padding css-1fq4x2u-MuiListItem-root"
          >
            <div
              class="MuiBox-root css-8atqhb"
            >
              <h6
                class="MuiTypography-root MuiTypography-subtitle2 css-1rr5r63-MuiTypography-root"
              >
                6月12日(水)
              </h6>
              <p
                class="MuiTypography-root MuiTypography-body2 css-zqb1nb-MuiTypography-root"
              >
                機能実装、デバッグ
              </p>
              <div
                class="MuiBox-root css-107ld1r"
              >
                <div
                  class="MuiChip-root MuiChip-filled MuiChip-sizeSmall MuiChip-colorDefault MuiChip-filledDefault css-1rlv6je-MuiChip-root"
                >
                  <span
                    class="MuiChip-label MuiChip-labelSmall css-eccknh-MuiChip-label"
                  >
                    開発
                  </span>
                </div>
                <div
                  class="MuiChip-root MuiChip-filled MuiChip-sizeSmall MuiChip-colorDefault MuiChip-filledDefault css-1rlv6je-MuiChip-root"
                >
                  <span
                    class="MuiChip-label MuiChip-labelSmall css-eccknh-MuiChip-label"
                  >
                    デバッグ
                  </span>
                </div>
              </div>
              <span
                class="MuiTypography-root MuiTypography-caption css-5elll3-MuiTypography-root"
              >
                6個のつぶやき
              </span>
            </div>
          </button>
          <button
            class="MuiListItem-root MuiListItem-gutters MuiListItem-padding css-1fq4x2u-MuiListItem-root"
          >
            <div
              class="MuiBox-root css-8atqhb"
            >
              <h6
                class="MuiTypography-root MuiTypography-subtitle2 css-1rr5r63-MuiTypography-root"
              >
                6月11日(火)
              </h6>
              <p
                class="MuiTypography-root MuiTypography-body2 css-zqb1nb-MuiTypography-root"
              >
                ドキュメント作成
              </p>
              <div
                class="MuiBox-root css-107ld1r"
              >
                <div
                  class="MuiChip-root MuiChip-filled MuiChip-sizeSmall MuiChip-colorDefault MuiChip-filledDefault css-1rlv6je-MuiChip-root"
                >
                  <span
                    class="MuiChip-label MuiChip-labelSmall css-eccknh-MuiChip-label"
                  >
                    ドキュメント
                  </span>
                </div>
              </div>
              <span
                class="MuiTypography-root MuiTypography-caption css-5elll3-MuiTypography-root"
              >
                3個のつぶやき
              </span>
            </div>
          </button>
          <button
            class="MuiListItem-root MuiListItem-gutters MuiListItem-padding css-1fq4x2u-MuiListItem-root"
          >
            <div
              class="MuiBox-root css-8atqhb"
            >
              <h6
                class="MuiTypography-root MuiTypography-subtitle2 css-1rr5r63-MuiTypography-root"
              >
                6月10日(月)
              </h6>
              <p
                class="MuiTypography-root MuiTypography-body2 css-zqb1nb-MuiTypography-root"
              >
                プロトタイプ作成
              </p>
              <div
                class="MuiBox-root css-107ld1r"
              >
                <div
                  class="MuiChip-root MuiChip-filled MuiChip-sizeSmall MuiChip-colorDefault MuiChip-filledDefault css-1rlv6je-MuiChip-root"
                >
                  <span
                    class="MuiChip-label MuiChip-labelSmall css-eccknh-MuiChip-label"
                  >
                    プロトタイプ
                  </span>
                </div>
                <div
                  class="MuiChip-root MuiChip-filled MuiChip-sizeSmall MuiChip-colorDefault MuiChip-filledDefault css-1rlv6je-MuiChip-root"
                >
                  <span
                    class="MuiChip-label MuiChip-labelSmall css-eccknh-MuiChip-label"
                  >
                    開発
                  </span>
                </div>
              </div>
              <span
                class="MuiTypography-root MuiTypography-caption css-5elll3-MuiTypography-root"
              >
                8個のつぶやき
              </span>
            </div>
          </button>
        </ul>
      </div>
    </div>
    <div
      class="MuiBox-root css-oa138a"
    >
      <div
        class="MuiContainer-root css-nxxj1q-MuiContainer-root"
      />
    </div>
  </div>
</DocumentFragment>
`;

exports[`Bodyが正しく表示される > firebaseの認証が通ったが、invalidなユーザー 1`] = `
<DocumentFragment>
  <div>
    <div>
      ようこそ invalid (
      <img
        alt="invalid"
        height="20px"
        src="invalid"
        title="invalid@example.com"
      />
      invalid@example.com) さん!
    </div>
    <div>
      Error: 有効なメールアドレスではありません。
    </div>
    <button
      class="MuiButtonBase-root MuiButton-root MuiButton-contained MuiButton-containedPrimary MuiButton-sizeMedium MuiButton-containedSizeMedium MuiButton-colorPrimary MuiButton-root MuiButton-contained MuiButton-containedPrimary MuiButton-sizeMedium MuiButton-containedSizeMedium MuiButton-colorPrimary css-74d805-MuiButtonBase-root-MuiButton-root"
      tabindex="0"
      type="button"
    >
      Sign-out
    </button>
  </div>
</DocumentFragment>
`;

exports[`Bodyが正しく表示される > firebaseの認証を通過していない状態 1`] = `
<DocumentFragment>
  <div>
    ログインが必要です
  </div>
</DocumentFragment>
`;
