// Vitest Snapshot v1, https://vitest.dev/guide/snapshot.html

exports[`Bodyが正しく表示される > firebaseの認証が表示されていない状態 1`] = `
<DocumentFragment>
  <div
    class="MuiBox-root css-1yeiifd"
  >
    <button
      aria-label="toggle theme"
      class="MuiButtonBase-root MuiIconButton-root MuiIconButton-colorPrimary MuiIconButton-sizeMedium css-1joyqwk-MuiButtonBase-root-MuiIconButton-root"
      tabindex="0"
      type="button"
    >
      <svg
        aria-hidden="true"
        class="MuiSvgIcon-root MuiSvgIcon-fontSizeMedium css-1umw9bq-MuiSvgIcon-root"
        data-testid="Brightness4Icon"
        focusable="false"
        viewBox="0 0 24 24"
      >
        <path
          d="M20 8.69V4h-4.69L12 .69 8.69 4H4v4.69L.69 12 4 15.31V20h4.69L12 23.31 15.31 20H20v-4.69L23.31 12zM12 18c-.89 0-1.74-.2-2.5-.55C11.56 16.5 13 14.42 13 12s-1.44-4.5-3.5-5.45C10.26 6.2 11.11 6 12 6c3.31 0 6 2.69 6 6s-2.69 6-6 6"
        />
      </svg>
    </button>
    <div
      class="MuiBox-root css-7o1dxy"
    >
      <div
        class="MuiBox-root css-13vbkc2"
      >
        <div
          class="MuiBox-root css-1f8c1s4"
        >
          <h6
            class="MuiTypography-root MuiTypography-h6 MuiTypography-gutterBottom css-1wmifpn-MuiTypography-root"
          >
            過去の日報一覧
          </h6>
        </div>
        <hr
          class="MuiDivider-root MuiDivider-fullWidth css-1jpc804-MuiDivider-root"
        />
        <div
          class="MuiBox-root css-oa138a"
        >
          <div
            class="MuiBox-root css-19midj6"
          >
            <div
              class="MuiPaper-root MuiPaper-elevation MuiPaper-rounded MuiPaper-elevation0 MuiAlert-root MuiAlert-colorError MuiAlert-standardError MuiAlert-standard css-kwrhju-MuiPaper-root-MuiAlert-root"
              role="alert"
              style="--Paper-shadow: none;"
            >
              <div
                class="MuiAlert-icon css-vab54s-MuiAlert-icon"
              >
                <svg
                  aria-hidden="true"
                  class="MuiSvgIcon-root MuiSvgIcon-fontSizeInherit css-1ckov0h-MuiSvgIcon-root"
                  data-testid="ErrorOutlineIcon"
                  focusable="false"
                  viewBox="0 0 24 24"
                >
                  <path
                    d="M11 15h2v2h-2zm0-8h2v6h-2zm.99-5C6.47 2 2 6.48 2 12s4.47 10 9.99 10C17.52 22 22 17.52 22 12S17.52 2 11.99 2zM12 20c-4.42 0-8-3.58-8-8s3.58-8 8-8 8 3.58 8 8-3.58 8-8 8z"
                  />
                </svg>
              </div>
              <div
                class="MuiAlert-message css-zioonp-MuiAlert-message"
              >
                日報の一覧を取得できませんでした
              </div>
            </div>
          </div>
        </div>
      </div>
    </div>
    <div
      class="MuiContainer-root css-cd0f9j-MuiContainer-root"
    >
      <a
        href=""
        rel="noopener noreferrer"
        target="_blank"
      >
        2025-06-25
      </a>
      は0個つぶやいたよ
      <form>
        <div
          class="MuiFormControl-root MuiFormControl-fullWidth MuiTextField-root css-grz519-MuiFormControl-root-MuiTextField-root"
        >
          <div
            class="MuiInputBase-root MuiOutlinedInput-root MuiInputBase-colorPrimary MuiInputBase-fullWidth MuiInputBase-formControl MuiInputBase-multiline css-zsp0bh-MuiInputBase-root-MuiOutlinedInput-root"
          >
            <textarea
              aria-invalid="false"
              class="MuiInputBase-input MuiOutlinedInput-input MuiInputBase-inputMultiline css-w4nesw-MuiInputBase-input-MuiOutlinedInput-input"
              id="«r1»"
              placeholder="日報のタイトルを記入しましょう"
              required=""
              style="height: 0px; overflow: hidden;"
            >
              日報
            </textarea>
            <textarea
              aria-hidden="true"
              class="MuiInputBase-input MuiOutlinedInput-input MuiInputBase-inputMultiline css-w4nesw-MuiInputBase-input-MuiOutlinedInput-input"
              readonly=""
              style="visibility: hidden; position: absolute; overflow: hidden; height: 0px; top: 0px; left: 0px; transform: translateZ(0); padding-top: 0px; padding-bottom: 0px; width: 100%;"
              tabindex="-1"
            />
            <fieldset
              aria-hidden="true"
              class="MuiOutlinedInput-notchedOutline css-18p5xg2-MuiNotchedOutlined-root-MuiOutlinedInput-notchedOutline"
            >
              <legend
                class="css-1nf2c5d-MuiNotchedOutlined-root"
              >
                <span
                  aria-hidden="true"
                  class="notranslate"
                >
                  ​
                </span>
              </legend>
            </fieldset>
          </div>
        </div>
        <div
          class="MuiAutocomplete-root css-o5oj2-MuiAutocomplete-root"
        >
          <div
            class="MuiFormControl-root MuiFormControl-fullWidth MuiTextField-root css-e4sgrv-MuiFormControl-root-MuiTextField-root"
          >
            <div
              class="MuiInputBase-root MuiOutlinedInput-root MuiInputBase-colorPrimary MuiInputBase-fullWidth MuiInputBase-formControl MuiAutocomplete-inputRoot css-1blp12k-MuiInputBase-root-MuiOutlinedInput-root"
            >
              <input
                aria-autocomplete="list"
                aria-expanded="false"
                aria-invalid="false"
                autocapitalize="none"
                autocomplete="off"
                class="MuiInputBase-input MuiOutlinedInput-input MuiAutocomplete-input MuiAutocomplete-inputFocused css-16wblaj-MuiInputBase-input-MuiOutlinedInput-input"
                id="esa_tags_field"
                placeholder="タグを記入しましょう"
                role="combobox"
                spellcheck="false"
                type="text"
                value=""
              />
              <fieldset
                aria-hidden="true"
                class="MuiOutlinedInput-notchedOutline css-18p5xg2-MuiNotchedOutlined-root-MuiOutlinedInput-notchedOutline"
              >
                <legend
                  class="css-1nf2c5d-MuiNotchedOutlined-root"
                >
                  <span
                    aria-hidden="true"
                    class="notranslate"
                  >
                    ​
                  </span>
                </legend>
              </fieldset>
            </div>
          </div>
        </div>
        <div
          class="MuiFormControl-root MuiFormControl-fullWidth MuiTextField-root css-grz519-MuiFormControl-root-MuiTextField-root"
        >
          <div
            class="MuiInputBase-root MuiOutlinedInput-root MuiInputBase-colorPrimary MuiInputBase-fullWidth MuiInputBase-formControl MuiInputBase-multiline css-zsp0bh-MuiInputBase-root-MuiOutlinedInput-root"
          >
            <textarea
              aria-invalid="false"
              class="MuiInputBase-input MuiOutlinedInput-input MuiInputBase-inputMultiline css-w4nesw-MuiInputBase-input-MuiOutlinedInput-input"
              id="«r4»"
              placeholder="ここにつぶやいた内容がesa.ioに追記されていきます"
              style="height: 0px; overflow: hidden;"
              title="esa_submit_text_field"
            />
            <textarea
              aria-hidden="true"
              class="MuiInputBase-input MuiOutlinedInput-input MuiInputBase-inputMultiline css-w4nesw-MuiInputBase-input-MuiOutlinedInput-input"
              readonly=""
              style="visibility: hidden; position: absolute; overflow: hidden; height: 0px; top: 0px; left: 0px; transform: translateZ(0); padding-top: 0px; padding-bottom: 0px; width: 100%;"
              tabindex="-1"
            />
            <fieldset
              aria-hidden="true"
              class="MuiOutlinedInput-notchedOutline css-18p5xg2-MuiNotchedOutlined-root-MuiOutlinedInput-notchedOutline"
            >
              <legend
                class="css-1nf2c5d-MuiNotchedOutlined-root"
              >
                <span
                  aria-hidden="true"
                  class="notranslate"
                >
                  ​
                </span>
              </legend>
            </fieldset>
          </div>
        </div>
        <button
          class="MuiButtonBase-root MuiButton-root MuiButton-contained MuiButton-containedPrimary MuiButton-sizeMedium MuiButton-containedSizeMedium MuiButton-colorPrimary MuiButton-root MuiButton-contained MuiButton-containedPrimary MuiButton-sizeMedium MuiButton-containedSizeMedium MuiButton-colorPrimary css-74d805-MuiButtonBase-root-MuiButton-root"
          tabindex="0"
          title="esa_submit_form_button"
          type="submit"
        >
          つぶやく
        </button>
      </form>
      <hr
        style="border-top: 2px dashed #bbb;"
      />
      <div>
        <button
          class="MuiButtonBase-root MuiButton-root MuiButton-contained MuiButton-containedSecondary MuiButton-sizeSmall MuiButton-containedSizeSmall MuiButton-colorSecondary MuiButton-root MuiButton-contained MuiButton-containedSecondary MuiButton-sizeSmall MuiButton-containedSizeSmall MuiButton-colorSecondary css-1mgi02a-MuiButtonBase-root-MuiButton-root"
          style="margin: 3px; text-transform: none;"
          tabindex="0"
          type="button"
        >
          Update
        </button>
        <button
          class="MuiButtonBase-root MuiButton-root MuiButton-contained MuiButton-containedSecondary MuiButton-sizeSmall MuiButton-containedSizeSmall MuiButton-colorSecondary MuiButton-root MuiButton-contained MuiButton-containedSecondary MuiButton-sizeSmall MuiButton-containedSizeSmall MuiButton-colorSecondary css-1mgi02a-MuiButtonBase-root-MuiButton-root"
          style="margin: 3px; text-transform: none;"
          tabindex="0"
          type="button"
        >
          html
        </button>
        <button
          class="MuiButtonBase-root MuiButton-root MuiButton-contained MuiButton-containedSecondary MuiButton-sizeSmall MuiButton-containedSizeSmall MuiButton-colorSecondary MuiButton-root MuiButton-contained MuiButton-containedSecondary MuiButton-sizeSmall MuiButton-containedSizeSmall MuiButton-colorSecondary css-1mgi02a-MuiButtonBase-root-MuiButton-root"
          style="margin: 3px; text-transform: none;"
          tabindex="0"
          type="button"
        >
          text
        </button>
        <button
          class="MuiButtonBase-root MuiButton-root MuiButton-contained MuiButton-containedSecondary MuiButton-sizeSmall MuiButton-containedSizeSmall MuiButton-colorSecondary MuiButton-root MuiButton-contained MuiButton-containedSecondary MuiButton-sizeSmall MuiButton-containedSizeSmall MuiButton-colorSecondary css-1mgi02a-MuiButtonBase-root-MuiButton-root"
          style="margin: 3px; text-transform: none;"
          tabindex="0"
          type="button"
        >
          share
        </button>
        <div>
          <div
            style="white-space: normal; overflow: hidden; text-align: left; justify-content: left; align-items: left;"
          />
        </div>
      </div>
    </div>
  </div>
</DocumentFragment>
`;

exports[`Bodyが正しく表示される > firebaseの認証が通ったが、invalidなユーザー 1`] = `
<DocumentFragment>
  <div>
    <div>
      ようこそ invalid (
      <img
        alt="invalid"
        height="20px"
        src="invalid"
        title="invalid@example.com"
      />
      invalid@example.com) さん!
    </div>
    <div>
      Error: 有効なメールアドレスではありません。
    </div>
    <button
      class="MuiButtonBase-root MuiButton-root MuiButton-contained MuiButton-containedPrimary MuiButton-sizeMedium MuiButton-containedSizeMedium MuiButton-colorPrimary MuiButton-root MuiButton-contained MuiButton-containedPrimary MuiButton-sizeMedium MuiButton-containedSizeMedium MuiButton-colorPrimary css-74d805-MuiButtonBase-root-MuiButton-root"
      tabindex="0"
      type="button"
    >
      Sign-out
    </button>
  </div>
</DocumentFragment>
`;

exports[`Bodyが正しく表示される > firebaseの認証を通過していない状態 1`] = `
<DocumentFragment>
  <div>
    ログインが必要です
  </div>
</DocumentFragment>
`;
