// Vitest Snapshot v1, https://vitest.dev/guide/snapshot.html

exports[`DailyReportsList > スナップショットテスト 1`] = `
<ul
  class="MuiList-root MuiList-padding css-2wvk20-MuiList-root"
>
  <li
    class="MuiListItem-root MuiListItem-gutters css-19f6boz-MuiListItem-root"
  >
    <div
      class="MuiButtonBase-root MuiListItemButton-root MuiListItemButton-gutters MuiListItemButton-root MuiListItemButton-gutters css-vckuyv-MuiButtonBase-root-MuiListItemButton-root"
      role="button"
      tabindex="0"
    >
      <div
        class="MuiBox-root css-1kkt86i"
      >
        <div
          class="MuiListItemText-root MuiListItemText-multiline css-14ln1j6-MuiListItemText-root"
        >
          <p
            class="MuiTypography-root MuiTypography-body2 MuiListItemText-primary css-1fs26hj-MuiTypography-root"
          >
            2025-06-20
          </p>
          <span
            class="MuiTypography-root MuiTypography-caption MuiListItemText-secondary css-12fcem2-MuiTypography-root"
          >
            開発作業
          </span>
        </div>
      </div>
    </div>
  </li>
</ul>
`;
