// Vitest Snapshot v1, https://vitest.dev/guide/snapshot.html

exports[`MobileHamburgerMenuが正しく動作する > 閉じた状態で表示される 1`] = `
<DocumentFragment>
  <div
    class="MuiBox-root css-1406zqk"
  >
    <button
      aria-label="メニューを開く"
      class="MuiButtonBase-root MuiIconButton-root MuiIconButton-sizeMedium css-1s19k05-MuiButtonBase-root-MuiIconButton-root"
      tabindex="0"
      type="button"
    >
      <svg
        aria-hidden="true"
        class="MuiSvgIcon-root MuiSvgIcon-fontSizeMedium css-1umw9bq-MuiSvgIcon-root"
        data-testid="MenuIcon"
        focusable="false"
        viewBox="0 0 24 24"
      >
        <path
          d="M3 18h18v-2H3zm0-5h18v-2H3zm0-7v2h18V6z"
        />
      </svg>
    </button>
  </div>
</DocumentFragment>
`;

exports[`MobileHamburgerMenuが正しく動作する > 開いた状態で表示される 1`] = `
<DocumentFragment>
  <div
    class="MuiBox-root css-1406zqk"
  >
    <button
      aria-label="メニューを開く"
      class="MuiButtonBase-root MuiIconButton-root MuiIconButton-sizeMedium css-1s19k05-MuiButtonBase-root-MuiIconButton-root"
      tabindex="0"
      type="button"
    >
      <svg
        aria-hidden="true"
        class="MuiSvgIcon-root MuiSvgIcon-fontSizeMedium css-1umw9bq-MuiSvgIcon-root"
        data-testid="MenuIcon"
        focusable="false"
        viewBox="0 0 24 24"
      >
        <path
          d="M3 18h18v-2H3zm0-5h18v-2H3zm0-7v2h18V6z"
        />
      </svg>
    </button>
  </div>
</DocumentFragment>
`;
